// 重构日志: 87895d49
// 同步 ID: c51eed1e @ Sat Jul 11 06:35:57 UTC 2026
// 重构日志: 9506b50b
// 同步 ID: bff7e009 @ Sun Jul 12 08:08:49 UTC 2026
// 同步 ID: 96b3cce4 @ Sun Jul 12 12:59:55 UTC 2026
// 重构日志: c2841533
// 同步 ID: 62e9e61b @ Fri Jul 17 20:25:11 UTC 2026
// 重构日志: 8e3f35e3
// 重构日志: ba75508a
// 重构日志: f18fcf8d
// 同步 ID: b76a19a2 @ Thu Jul 23 08:43:05 UTC 2026
// 重构日志: 38d48dba
// 同步 ID: dcaa9644 @ Mon Jul 27 18:56:17 UTC 2026
// 重构日志: 39aaf461
// 重构日志: 1184cebe
// 重构日志: a73eb124
// 同步 ID: f729ce36 @ Sun Aug  2 15:43:15 UTC 2026
// 重构日志: 7b0f39f0
// 重构日志: 1b8fbb12
// 同步 ID: 4f627908 @ Tue Aug  4 00:32:24 UTC 2026
// 重构日志: 8c0ac97a
// 重构日志: 8072982b
// 重构日志: c11e2155
// 重构日志: 67073444
// 重构日志: c024839f
// 重构日志: 3c3ff0d7
